// Jest Snapshot v1, https://goo.gl/fbAQLP

exports[`Review Container Componenet should render correctly 1`] = `ShallowWrapper {}`;
